// Jest Snapshot v1, https://goo.gl/fbAQLP

exports[`Newsfeed view view should render 1`] = `
"<div class=\\"newsfeed-container\\">
  <h2>Newsfeed</h2>
  <div class=\\"post-container\\">
    <p>PublicPostCard</p>
  </div>
</div>"
`;

exports[`Newsfeed view view should show an error if the api call fails 1`] = `"<div class=\\"card-container\\">Failed to load posts <button class=\\"MuiButtonBase-root MuiButton-root MuiButton-outlined MuiButton-outlinedSecondary\\" tabindex=\\"0\\" type=\\"button\\"><span class=\\"MuiButton-label\\">Try Again</span><span class=\\"MuiTouchRipple-root\\"></span></button></div>"`;
