// Jest Snapshot v1, https://goo.gl/fbAQLP

exports[`Clinic view should render 1`] = `
"<div class=\\"killer-container\\">
  <h2>Admin Toolbar</h2>
  <div class=\\"card-container\\">
    <nav class=\\"navigation-toolbar\\"><a class=\\"MuiButtonBase-root MuiButton-root MuiButton-contained MuiButton-containedPrimary\\" tabindex=\\"0\\" aria-disabled=\\"false\\" href=\\"#/newsfeed\\"><span class=\\"MuiButton-label\\">Newsfeed</span><span class=\\"MuiTouchRipple-root\\"></span></a><a class=\\"MuiButtonBase-root MuiButton-root MuiButton-contained MuiButton-containedPrimary Mui-disabled Mui-disabled\\" tabindex=\\"-1\\" aria-disabled=\\"true\\" href=\\"#/clinic\\"><span class=\\"MuiButton-label\\">Clinical Log</span></a></nav>
  </div>
  <h2>Clinical View</h2>
  <div class=\\"survivor loading-spinner-container\\">
    <div class=\\"loading-spinner\\"><svg class=\\"loading-spinner-rear\\">
        <circle cx=\\"50%\\" cy=\\"50%\\" r=\\"18px\\"></circle>
      </svg><svg class=\\"loading-spinner-front\\">
        <circle cx=\\"50%\\" cy=\\"50%\\" r=\\"18px\\"></circle>
      </svg></div>
  </div>
</div>"
`;
